[1;92m[+] [0mEnabled environment variable AFL_SKIP_BIN_CHECK with value 1[0m
[1;92m[+] [0mEnabled environment variable AFL_SKIP_CPUFREQ with value 1[0m
[1;92m[+] [0mEnabled environment variable AFL_NO_UI with value 1[0m
[0;36mafl-fuzz++4.32c[0m based on afl by Michal Zalewski and a large online community
[1;94m[*] [0mSetup SymCC Mode...[0m
[1;94m[*] [0mSymCC Mode Begin...[0m
[1;92m[+] [0mAFL++ is maintained by Marc "van Hauser" Heuse, Dominik Maier, Andrea Fioraldi and Heiko "hexcoder" Eißfeldt[0m
[1;92m[+] [0mAFL++ is open source, get it at https://github.com/AFLplusplus/AFLplusplus[0m
[1;92m[+] [0mNOTE: AFL++ >= v3 has changed defaults and behaviours - see README.md[0m
[1;94m[*] [0mGetting to work...[0m
[1;92m[+] [0mUsing exploration-based constant power schedule (EXPLORE)[0m
[1;92m[+] [0mEnabled testcache with 50 MB[0m
[1;92m[+] [0mGenerating fuzz data with a length of min=1 max=1048576[0m
[1;94m[*] [0mChecking core_pattern...[0m
[1;92m[+] [0mDisabling the UI because AFL_NO_UI is set.[0m
[1;92m[+] [0mYou have 14 CPU cores and 2 runnable tasks (utilization: 14%).[0m
[1;92m[+] [0mTry parallel jobs - see docs/fuzzing_in_depth.md#c-using-multiple-cores[0m
[1;94m[*] [0mSetting up output directories...[0m
[1;94m[*] [0mChecking CPU core loadout...[0m
[1;92m[+] [0mFound a free CPU core, try binding to #0.[0m
[1;93m[!] [1;97mWARNING: [0mno -M main node found. It is recommended to run exactly one main instance.[0m
[1;94m[*] [0mValidating target binary...[0m
[1;94m[*] [0mScanning '/media/hahafish/Data/ForUbuntu/test/Realworld/xz/seeds'...[0m
[1;94m[*] [0mCreating hard links for all input files...[0m
[1;92m[+] [0mLoaded a total of 2 seeds.[0m
[1;94m[*] [0mNo auto-generated dictionary tokens to reuse.[0m
[1;94m[*] [0mAttempting dry run with 'id:000000,time:0,execs:0,orig:malformed'...[0m
[1;94m[*] [0mSpinning up the fork server...[0m
[1;93m[!] [1;97mWARNING: [0mOld fork server model is used by the target, this still works though.[0m
[1;92m[+] [0mAll right - old fork server is up.[0m
[1;90m    len = 16, map size = 1047, exec speed = 2863 us, hash = c0d00611cc9a30de
[0m[1;94m[*] [0mAttempting dry run with 'id:000001,time:0,execs:0,orig:valid'...[0m
[1;90m    len = 228, map size = 8177, exec speed = 7469 us, hash = 61c5c7f3fb8e3161
[0m[1;92m[+] [0mAll test cases processed.[0m
[1;92m[+] [0mHere are some useful stats:

[1;90m    Test case count : [0m2 favored, 0 variable, 0 ignored, 2 total
[1;90m       Bitmap range : [0m1047 to 8177 bits (average: 4612.00 bits)
[1;90m        Exec timing : [0m2863 to 7469 us (average: 5166 us)
[0m
[1;94m[*] [0m-t option specified. We'll use an exec timeout of 2000 ms.[0m
[1;92m[+] [0mAll set and ready to roll![0m
[1;94m[*] [0mEntering queue cycle 1
[0m
[1;94m[*] [0mFuzzing test case #1 (2 total, 0 crashes saved, state: started :-), mode=explore, perf_score=100, weight=1, favorite=1, was_fuzzed=0, exec_us=7469, hits=0, map=8177, ascii=0, run_time=0:00:00:00)...[0m
[1;93m[!] [1;97mWARNING: [0minstability detected during calibration: /tmp/symafl-realworld/xz-fixed-timeout-diag/xz/queue/id:000002,src:000001,time:2033,execs:18,op:quick,pos:6,+cov[0m
[1;93m[!] [1;97mWARNING: [0minstability detected during calibration: /tmp/symafl-realworld/xz-fixed-timeout-diag/xz/queue/id:000003,src:000001,time:2146,execs:36,op:quick,pos:12,+cov[0m
[1;93m[!] [1;97mWARNING: [0minstability detected during calibration: /tmp/symafl-realworld/xz-fixed-timeout-diag/xz/queue/id:000004,src:000001,time:2207,execs:49,op:quick,pos:13,+cov[0m
[1;93m[!] [1;97mWARNING: [0minstability detected during calibration: /tmp/symafl-realworld/xz-fixed-timeout-diag/xz/queue/id:000005,src:000001,time:2569,execs:72,op:quick,pos:24,+cov[0m
[1;93m[!] [1;97mWARNING: [0minstability detected during calibration: /tmp/symafl-realworld/xz-fixed-timeout-diag/xz/queue/id:000006,src:000001,time:10764,execs:89,op:quick,pos:29,+cov[0m
[1;93m[!] [1;97mWARNING: [0minstability detected during calibration: /tmp/symafl-realworld/xz-fixed-timeout-diag/xz/queue/id:000007,src:000001,time:10893,execs:102,op:quick,pos:30,+cov[0m
[1;93m[!] [1;97mWARNING: [0minstability detected during calibration: /tmp/symafl-realworld/xz-fixed-timeout-diag/xz/queue/id:000008,src:000001,time:11023,execs:115,op:quick,pos:31,+cov[0m
[1;93m[!] [1;97mWARNING: [0minstability detected during calibration: /tmp/symafl-realworld/xz-fixed-timeout-diag/xz/queue/id:000009,src:000001,time:11291,execs:128,op:quick,pos:32,+cov[0m
[1;93m[!] [1;97mWARNING: [0minstability detected during calibration: /tmp/symafl-realworld/xz-fixed-timeout-diag/xz/queue/id:000010,src:000001,time:11681,execs:141,op:quick,pos:33,+cov[0m
[1;93m[!] [1;97mWARNING: [0minstability detected during calibration: /tmp/symafl-realworld/xz-fixed-timeout-diag/xz/queue/id:000011,src:000001,time:12246,execs:154,op:quick,pos:34,+cov[0m
[1;93m[!] [1;97mWARNING: [0minstability detected during calibration: /tmp/symafl-realworld/xz-fixed-timeout-diag/xz/queue/id:000012,src:000001,time:12582,execs:167,op:quick,pos:35,+cov[0m
[1;93m[!] [1;97mWARNING: [0minstability detected during calibration: /tmp/symafl-realworld/xz-fixed-timeout-diag/xz/queue/id:000013,src:000001,time:13038,execs:180,op:quick,pos:36,+cov[0m
[1;93m[!] [1;97mWARNING: [0minstability detected during calibration: /tmp/symafl-realworld/xz-fixed-timeout-diag/xz/queue/id:000014,src:000001,time:13541,execs:193,op:quick,pos:37[0m
[1;93m[!] [1;97mWARNING: [0minstability detected during calibration: /tmp/symafl-realworld/xz-fixed-timeout-diag/xz/queue/id:000015,src:000001,time:14030,execs:206,op:quick,pos:38,+cov[0m
[1;93m[!] [1;97mWARNING: [0minstability detected during calibration: /tmp/symafl-realworld/xz-fixed-timeout-diag/xz/queue/id:000016,src:000001,time:14471,execs:219,op:quick,pos:39,+cov[0m
[1;93m[!] [1;97mWARNING: [0minstability detected during calibration: /tmp/symafl-realworld/xz-fixed-timeout-diag/xz/queue/id:000017,src:000001,time:14918,execs:232,op:quick,pos:40[0m
[1;93m[!] [1;97mWARNING: [0minstability detected during calibration: /tmp/symafl-realworld/xz-fixed-timeout-diag/xz/queue/id:000018,src:000001,time:15421,execs:245,op:quick,pos:41,+cov[0m
[1;93m[!] [1;97mWARNING: [0minstability detected during calibration: /tmp/symafl-realworld/xz-fixed-timeout-diag/xz/queue/id:000019,src:000001,time:15961,execs:258,op:quick,pos:42[0m
[1;93m[!] [1;97mWARNING: [0minstability detected during calibration: /tmp/symafl-realworld/xz-fixed-timeout-diag/xz/queue/id:000020,src:000001,time:17092,execs:272,op:quick,pos:44,+cov[0m
[1;93m[!] [1;97mWARNING: [0minstability detected during calibration: /tmp/symafl-realworld/xz-fixed-timeout-diag/xz/queue/id:000021,src:000001,time:17744,execs:285,op:quick,pos:45[0m
[1;93m[!] [1;97mWARNING: [0minstability detected during calibration: /tmp/symafl-realworld/xz-fixed-timeout-diag/xz/queue/id:000022,src:000001,time:18502,execs:298,op:quick,pos:46[0m
[1;93m[!] [1;97mWARNING: [0minstability detected during calibration: /tmp/symafl-realworld/xz-fixed-timeout-diag/xz/queue/id:000023,src:000001,time:19200,execs:311,op:quick,pos:47[0m
[1;93m[!] [1;97mWARNING: [0minstability detected during calibration: /tmp/symafl-realworld/xz-fixed-timeout-diag/xz/queue/id:000024,src:000001,time:19968,execs:324,op:quick,pos:48[0m
[1;93m[!] [1;97mWARNING: [0minstability detected during calibration: /tmp/symafl-realworld/xz-fixed-timeout-diag/xz/queue/id:000025,src:000001,time:20682,execs:337,op:quick,pos:49[0m
[1;93m[!] [1;97mWARNING: [0minstability detected during calibration: /tmp/symafl-realworld/xz-fixed-timeout-diag/xz/queue/id:000026,src:000001,time:22893,execs:352,op:quick,pos:52[0m
[1;93m[!] [1;97mWARNING: [0minstability detected during calibration: /tmp/symafl-realworld/xz-fixed-timeout-diag/xz/queue/id:000027,src:000001,time:23868,execs:365,op:quick,pos:53[0m
[1;93m[!] [1;97mWARNING: [0minstability detected during calibration: /tmp/symafl-realworld/xz-fixed-timeout-diag/xz/queue/id:000028,src:000001,time:26397,execs:380,op:quick,pos:56[0m
[1;93m[!] [1;97mWARNING: [0minstability detected during calibration: /tmp/symafl-realworld/xz-fixed-timeout-diag/xz/queue/id:000029,src:000001,time:27447,execs:393,op:quick,pos:57[0m
[1;93m[!] [1;97mWARNING: [0minstability detected during calibration: /tmp/symafl-realworld/xz-fixed-timeout-diag/xz/queue/id:000030,src:000001,time:28705,execs:406,op:quick,pos:58[0m
[1;93m[!] [1;97mWARNING: [0minstability detected during calibration: /tmp/symafl-realworld/xz-fixed-timeout-diag/xz/queue/id:000031,src:000001,time:29696,execs:419,op:quick,pos:59[0m
[?25h[1;91m

+++ Testing aborted programmatically +++
[0m[1;93m[!] [0mTime limit was reached
[1;94m[*] [0mStatistics: 30 new corpus items found, 15.85% coverage achieved, 0 crashes saved, 1 timeouts saved, total runtime 0 days, 0 hrs, 0 min, 31 sec[0m
[1;92m[+] [0mfastresume.bin successfully written with 437288 bytes.[0m
[1;94m[*] [0mcon_exec_cnt: 0[0m
[1;94m[*] [0mcon_exec_cnt_total: ~[0m
[1;92m[+] [0mWe're done here. Have a nice day!
[0m
