[1;92m[+] [0mEnabled environment variable AFL_SKIP_BIN_CHECK with value 1[0m
[1;92m[+] [0mEnabled environment variable AFL_SKIP_CPUFREQ with value 1[0m
[1;92m[+] [0mEnabled environment variable AFL_NO_UI with value 1[0m
[1;92m[+] [0mEnabled environment variable AFL_PATH with value /media/hahafish/Data/ForUbuntu/SymAFL/AFLplusplus[0m
[0;36mafl-fuzz++4.32c[0m based on afl by Michal Zalewski and a large online community
[1;92m[+] [0mAFL++ is maintained by Marc "van Hauser" Heuse, Dominik Maier, Andrea Fioraldi and Heiko "hexcoder" Eißfeldt[0m
[1;92m[+] [0mAFL++ is open source, get it at https://github.com/AFLplusplus/AFLplusplus[0m
[1;92m[+] [0mNOTE: AFL++ >= v3 has changed defaults and behaviours - see README.md[0m
[1;94m[*] [0mGetting to work...[0m
[1;92m[+] [0mUsing exploration-based constant power schedule (EXPLORE)[0m
[1;92m[+] [0mEnabled testcache with 50 MB[0m
[1;92m[+] [0mGenerating fuzz data with a length of min=1 max=1048576[0m
[1;94m[*] [0mChecking core_pattern...[0m
[1;92m[+] [0mDisabling the UI because AFL_NO_UI is set.[0m
[1;92m[+] [0mYou have 14 CPU cores and 2 runnable tasks (utilization: 14%).[0m
[1;92m[+] [0mTry parallel jobs - see docs/fuzzing_in_depth.md#c-using-multiple-cores[0m
[1;94m[*] [0mSetting up output directories...[0m
[1;94m[*] [0mChecking CPU core loadout...[0m
[1;92m[+] [0mFound a free CPU core, try binding to #0.[0m
[1;93m[!] [1;97mWARNING: [0mno -M main node found. It is recommended to run exactly one main instance.[0m
[1;94m[*] [0mValidating target binary...[0m
[1;94m[*] [0mScanning '/media/hahafish/Data/ForUbuntu/test/Realworld/libxml2/seeds'...[0m
[1;94m[*] [0mCreating hard links for all input files...[0m
[1;92m[+] [0mLoaded a total of 2 seeds.[0m
[1;94m[*] [0mNo auto-generated dictionary tokens to reuse.[0m
[1;94m[*] [0mAttempting dry run with 'id:000000,time:0,execs:0,orig:malformed'...[0m
[1;94m[*] [0mSpinning up the fork server...[0m
[1;92m[+] [0mAll right - new fork server model v1 is up.[0m
[1;94m[*] [0mTarget map size: 49254[0m
[1;90m    len = 16, map size = 505, exec speed = 173 us, hash = 8d92d079cc83724d
[0m[1;94m[*] [0mAttempting dry run with 'id:000001,time:0,execs:0,orig:valid'...[0m
[1;90m    len = 30, map size = 520, exec speed = 143 us, hash = a514be4b6f031eff
[0m[1;92m[+] [0mAll test cases processed.[0m
[1;92m[+] [0mHere are some useful stats:

[1;90m    Test case count : [0m2 favored, 0 variable, 0 ignored, 2 total
[1;90m       Bitmap range : [0m505 to 520 bits (average: 512.50 bits)
[1;90m        Exec timing : [0m143 to 173 us (average: 158 us)
[0m
[1;94m[*] [0m-t option specified. We'll use an exec timeout of 2000 ms.[0m
[1;92m[+] [0mAll set and ready to roll![0m
[1;94m[*] [0mEntering queue cycle 1
[0m
[1;94m[*] [0mFuzzing test case #0 (2 total, 0 crashes saved, state: started :-), mode=explore, perf_score=100, weight=1, favorite=1, was_fuzzed=0, exec_us=173, hits=0, map=505, ascii=0, run_time=0:00:00:00)...[0m
[1;94m[*] [0mFuzzing test case #89 (450 total, 0 crashes saved, state: started :-), mode=explore, perf_score=100, weight=1, favorite=1, was_fuzzed=0, exec_us=133, hits=0, map=403, ascii=0, run_time=0:00:00:07)...[0m
[1;94m[*] [0mFuzzing test case #345 (450 total, 0 crashes saved, state: started :-), mode=explore, perf_score=100, weight=0, favorite=1, was_fuzzed=0, exec_us=141, hits=0, map=578, ascii=0, run_time=0:00:00:07)...[0m
[1;94m[*] [0mFuzzing test case #1 (651 total, 0 crashes saved, state: started :-), mode=explore, perf_score=100, weight=0, favorite=1, was_fuzzed=0, exec_us=143, hits=0, map=520, ascii=0, run_time=0:00:00:14)...[0m
[1;94m[*] [0mFuzzing test case #378 (653 total, 0 crashes saved, state: started :-), mode=explore, perf_score=100, weight=2, favorite=1, was_fuzzed=0, exec_us=134, hits=0, map=571, ascii=0, run_time=0:00:00:15)...[0m
[1;94m[*] [0mFuzzing test case #298 (653 total, 0 crashes saved, state: started :-), mode=explore, perf_score=100, weight=2, favorite=1, was_fuzzed=0, exec_us=133, hits=0, map=493, ascii=0, run_time=0:00:00:15)...[0m
[1;94m[*] [0mFuzzing test case #99 (653 total, 0 crashes saved, state: started :-), mode=explore, perf_score=100, weight=2, favorite=1, was_fuzzed=0, exec_us=131, hits=0, map=583, ascii=0, run_time=0:00:00:15)...[0m
[1;94m[*] [0mFuzzing test case #373 (653 total, 0 crashes saved, state: started :-), mode=explore, perf_score=100, weight=2, favorite=1, was_fuzzed=0, exec_us=139, hits=0, map=575, ascii=0, run_time=0:00:00:15)...[0m
[1;94m[*] [0mFuzzing test case #48 (654 total, 0 crashes saved, state: started :-), mode=explore, perf_score=100, weight=2, favorite=1, was_fuzzed=0, exec_us=135, hits=0, map=553, ascii=0, run_time=0:00:00:15)...[0m
[1;94m[*] [0mFuzzing test case #74 (655 total, 0 crashes saved, state: started :-), mode=explore, perf_score=100, weight=2, favorite=1, was_fuzzed=0, exec_us=132, hits=0, map=562, ascii=0, run_time=0:00:00:15)...[0m
[1;94m[*] [0mFuzzing test case #262 (655 total, 0 crashes saved, state: started :-), mode=explore, perf_score=100, weight=2, favorite=1, was_fuzzed=0, exec_us=138, hits=0, map=518, ascii=0, run_time=0:00:00:15)...[0m
[1;94m[*] [0mFuzzing test case #73 (656 total, 0 crashes saved, state: started :-), mode=explore, perf_score=100, weight=2, favorite=1, was_fuzzed=0, exec_us=136, hits=0, map=579, ascii=0, run_time=0:00:00:15)...[0m
[1;94m[*] [0mFuzzing test case #660 (668 total, 0 crashes saved, state: started :-), mode=explore, perf_score=100, weight=1, favorite=1, was_fuzzed=0, exec_us=142, hits=0, map=578, ascii=0, run_time=0:00:00:16)...[0m
[1;94m[*] [0mFuzzing test case #454 (668 total, 0 crashes saved, state: started :-), mode=explore, perf_score=100, weight=2, favorite=1, was_fuzzed=0, exec_us=142, hits=0, map=588, ascii=0, run_time=0:00:00:16)...[0m
[1;94m[*] [0mFuzzing test case #295 (668 total, 0 crashes saved, state: started :-), mode=explore, perf_score=100, weight=1, favorite=1, was_fuzzed=0, exec_us=137, hits=0, map=407, ascii=0, run_time=0:00:00:17)...[0m
[1;94m[*] [0mFuzzing test case #158 (668 total, 0 crashes saved, state: started :-), mode=explore, perf_score=100, weight=2, favorite=1, was_fuzzed=0, exec_us=139, hits=0, map=598, ascii=0, run_time=0:00:00:17)...[0m
[1;94m[*] [0mFuzzing test case #286 (700 total, 0 crashes saved, state: started :-), mode=explore, perf_score=100, weight=2, favorite=1, was_fuzzed=0, exec_us=140, hits=0, map=479, ascii=0, run_time=0:00:00:18)...[0m
[1;94m[*] [0mFuzzing test case #344 (700 total, 0 crashes saved, state: started :-), mode=explore, perf_score=100, weight=2, favorite=1, was_fuzzed=0, exec_us=134, hits=0, map=534, ascii=0, run_time=0:00:00:18)...[0m
[1;94m[*] [0mFuzzing test case #404 (700 total, 0 crashes saved, state: started :-), mode=explore, perf_score=100, weight=2, favorite=1, was_fuzzed=0, exec_us=136, hits=0, map=548, ascii=0, run_time=0:00:00:18)...[0m
[1;94m[*] [0mFuzzing test case #585 (700 total, 0 crashes saved, state: started :-), mode=explore, perf_score=100, weight=2, favorite=1, was_fuzzed=0, exec_us=142, hits=0, map=612, ascii=0, run_time=0:00:00:18)...[0m
[1;94m[*] [0mFuzzing test case #64 (701 total, 0 crashes saved, state: started :-), mode=explore, perf_score=100, weight=2, favorite=1, was_fuzzed=0, exec_us=134, hits=0, map=489, ascii=0, run_time=0:00:00:18)...[0m
[1;94m[*] [0mFuzzing test case #448 (702 total, 0 crashes saved, state: started :-), mode=explore, perf_score=100, weight=0, favorite=1, was_fuzzed=0, exec_us=144, hits=0, map=639, ascii=0, run_time=0:00:00:18)...[0m
[1;94m[*] [0mFuzzing test case #63 (702 total, 0 crashes saved, state: started :-), mode=explore, perf_score=100, weight=2, favorite=0, was_fuzzed=0, exec_us=138, hits=0, map=449, ascii=0, run_time=0:00:00:19)...[0m
[1;94m[*] [0mFuzzing test case #447 (702 total, 0 crashes saved, state: started :-), mode=explore, perf_score=100, weight=2, favorite=1, was_fuzzed=0, exec_us=141, hits=0, map=629, ascii=0, run_time=0:00:00:19)...[0m
[1;94m[*] [0mFuzzing test case #712 (722 total, 0 crashes saved, state: started :-), mode=explore, perf_score=100, weight=1, favorite=1, was_fuzzed=0, exec_us=162, hits=0, map=644, ascii=0, run_time=0:00:00:20)...[0m
[1;94m[*] [0mFuzzing test case #796 (800 total, 0 crashes saved, state: started :-), mode=explore, perf_score=100, weight=1, favorite=1, was_fuzzed=0, exec_us=141, hits=0, map=649, ascii=0, run_time=0:00:00:28)...[0m
[1;94m[*] [0mFuzzing test case #722 (800 total, 0 crashes saved, state: started :-), mode=explore, perf_score=200, weight=2, favorite=1, was_fuzzed=0, exec_us=144, hits=0, map=646, ascii=0, run_time=0:00:00:28)...[0m
[1;94m[*] [0mFuzzing test case #634 (800 total, 0 crashes saved, state: started :-), mode=explore, perf_score=100, weight=2, favorite=1, was_fuzzed=0, exec_us=138, hits=0, map=564, ascii=0, run_time=0:00:00:28)...[0m
[1;94m[*] [0mFuzzing test case #727 (800 total, 0 crashes saved, state: started :-), mode=explore, perf_score=200, weight=0, favorite=1, was_fuzzed=0, exec_us=151, hits=0, map=642, ascii=0, run_time=0:00:00:28)...[0m
[1;94m[*] [0mFuzzing test case #726 (800 total, 0 crashes saved, state: started :-), mode=explore, perf_score=200, weight=0, favorite=1, was_fuzzed=0, exec_us=148, hits=0, map=640, ascii=0, run_time=0:00:00:28)...[0m
[1;94m[*] [0mFuzzing test case #417 (802 total, 0 crashes saved, state: started :-), mode=explore, perf_score=100, weight=2, favorite=1, was_fuzzed=0, exec_us=136, hits=0, map=654, ascii=0, run_time=0:00:00:28)...[0m
[1;94m[*] [0mFuzzing test case #724 (802 total, 0 crashes saved, state: started :-), mode=explore, perf_score=200, weight=0, favorite=1, was_fuzzed=0, exec_us=148, hits=0, map=646, ascii=0, run_time=0:00:00:28)...[0m
[1;94m[*] [0mFuzzing test case #545 (802 total, 0 crashes saved, state: started :-), mode=explore, perf_score=100, weight=2, favorite=1, was_fuzzed=0, exec_us=136, hits=0, map=582, ascii=0, run_time=0:00:00:28)...[0m
[1;94m[*] [0mFuzzing test case #644 (802 total, 0 crashes saved, state: started :-), mode=explore, perf_score=100, weight=2, favorite=1, was_fuzzed=0, exec_us=142, hits=0, map=608, ascii=0, run_time=0:00:00:28)...[0m
[1;94m[*] [0mFuzzing test case #723 (802 total, 0 crashes saved, state: started :-), mode=explore, perf_score=200, weight=0, favorite=1, was_fuzzed=0, exec_us=151, hits=0, map=647, ascii=0, run_time=0:00:00:28)...[0m
[1;94m[*] [0mFuzzing test case #362 (803 total, 0 crashes saved, state: started :-), mode=explore, perf_score=100, weight=2, favorite=1, was_fuzzed=0, exec_us=137, hits=0, map=577, ascii=0, run_time=0:00:00:28)...[0m
[1;94m[*] [0mFuzzing test case #725 (803 total, 0 crashes saved, state: started :-), mode=explore, perf_score=200, weight=2, favorite=1, was_fuzzed=0, exec_us=141, hits=0, map=647, ascii=0, run_time=0:00:00:28)...[0m
[1;94m[*] [0mFuzzing test case #701 (803 total, 0 crashes saved, state: started :-), mode=explore, perf_score=100, weight=2, favorite=1, was_fuzzed=0, exec_us=141, hits=0, map=535, ascii=0, run_time=0:00:00:28)...[0m
[1;94m[*] [0mFuzzing test case #182 (805 total, 0 crashes saved, state: started :-), mode=explore, perf_score=75, weight=2, favorite=1, was_fuzzed=0, exec_us=143, hits=0, map=299, ascii=0, run_time=0:00:00:28)...[0m
[1;94m[*] [0mFuzzing test case #739 (805 total, 0 crashes saved, state: started :-), mode=explore, perf_score=200, weight=2, favorite=1, was_fuzzed=0, exec_us=137, hits=0, map=626, ascii=0, run_time=0:00:00:28)...[0m
[1;94m[*] [0mFuzzing test case #705 (805 total, 0 crashes saved, state: started :-), mode=explore, perf_score=100, weight=0, favorite=1, was_fuzzed=0, exec_us=147, hits=0, map=634, ascii=0, run_time=0:00:00:28)...[0m
[1;94m[*] [0mFuzzing test case #715 (805 total, 0 crashes saved, state: started :-), mode=explore, perf_score=100, weight=0, favorite=1, was_fuzzed=0, exec_us=152, hits=0, map=631, ascii=0, run_time=0:00:00:28)...[0m
[1;94m[*] [0mFuzzing test case #791 (805 total, 0 crashes saved, state: started :-), mode=explore, perf_score=200, weight=2, favorite=1, was_fuzzed=0, exec_us=142, hits=0, map=632, ascii=0, run_time=0:00:00:28)...[0m
[1;94m[*] [0mFuzzing test case #716 (805 total, 0 crashes saved, state: started :-), mode=explore, perf_score=100, weight=0, favorite=1, was_fuzzed=0, exec_us=149, hits=0, map=632, ascii=0, run_time=0:00:00:28)...[0m
[1;94m[*] [0mFuzzing test case #329 (805 total, 0 crashes saved, state: started :-), mode=explore, perf_score=100, weight=2, favorite=1, was_fuzzed=0, exec_us=141, hits=0, map=499, ascii=0, run_time=0:00:00:28)...[0m
[1;94m[*] [0mFuzzing test case #50 (805 total, 0 crashes saved, state: started :-), mode=explore, perf_score=100, weight=2, favorite=1, was_fuzzed=0, exec_us=131, hits=0, map=412, ascii=0, run_time=0:00:00:28)...[0m
[1;94m[*] [0mFuzzing test case #409 (805 total, 0 crashes saved, state: started :-), mode=explore, perf_score=100, weight=2, favorite=1, was_fuzzed=0, exec_us=133, hits=0, map=461, ascii=0, run_time=0:00:00:28)...[0m
[1;94m[*] [0mFuzzing test case #25 (805 total, 0 crashes saved, state: started :-), mode=explore, perf_score=100, weight=2, favorite=1, was_fuzzed=0, exec_us=132, hits=0, map=539, ascii=0, run_time=0:00:00:28)...[0m
[1;94m[*] [0mFuzzing test case #665 (805 total, 0 crashes saved, state: started :-), mode=explore, perf_score=100, weight=2, favorite=1, was_fuzzed=0, exec_us=135, hits=0, map=474, ascii=0, run_time=0:00:00:28)...[0m
[1;94m[*] [0mFuzzing test case #215 (805 total, 0 crashes saved, state: started :-), mode=explore, perf_score=100, weight=2, favorite=1, was_fuzzed=0, exec_us=135, hits=0, map=534, ascii=0, run_time=0:00:00:28)...[0m
[1;94m[*] [0mFuzzing test case #207 (805 total, 0 crashes saved, state: started :-), mode=explore, perf_score=100, weight=2, favorite=1, was_fuzzed=0, exec_us=133, hits=0, map=500, ascii=0, run_time=0:00:00:28)...[0m
[1;94m[*] [0mFuzzing test case #516 (805 total, 0 crashes saved, state: started :-), mode=explore, perf_score=100, weight=0, favorite=1, was_fuzzed=0, exec_us=167, hits=0, map=602, ascii=0, run_time=0:00:00:28)...[0m
[1;94m[*] [0mFuzzing test case #350 (806 total, 0 crashes saved, state: started :-), mode=explore, perf_score=100, weight=0, favorite=1, was_fuzzed=0, exec_us=146, hits=0, map=507, ascii=0, run_time=0:00:00:29)...[0m
[1;94m[*] [0mFuzzing test case #613 (806 total, 0 crashes saved, state: started :-), mode=explore, perf_score=100, weight=0, favorite=1, was_fuzzed=0, exec_us=146, hits=0, map=582, ascii=0, run_time=0:00:00:29)...[0m
[1;94m[*] [0mFuzzing test case #343 (806 total, 0 crashes saved, state: started :-), mode=explore, perf_score=100, weight=2, favorite=1, was_fuzzed=0, exec_us=140, hits=0, map=606, ascii=0, run_time=0:00:00:29)...[0m
[1;94m[*] [0mFuzzing test case #626 (806 total, 0 crashes saved, state: started :-), mode=explore, perf_score=100, weight=2, favorite=1, was_fuzzed=0, exec_us=139, hits=0, map=590, ascii=0, run_time=0:00:00:29)...[0m
[1;94m[*] [0mFuzzing test case #654 (807 total, 0 crashes saved, state: started :-), mode=explore, perf_score=100, weight=2, favorite=1, was_fuzzed=0, exec_us=138, hits=0, map=567, ascii=0, run_time=0:00:00:29)...[0m
[?25h[1;91m

+++ Testing aborted programmatically +++
[0m[1;93m[!] [0mTime limit was reached
[1;94m[*] [0mStatistics: 814 new corpus items found, 2.87% coverage achieved, 0 crashes saved, 0 timeouts saved, total runtime 0 days, 0 hrs, 0 min, 30 sec[0m
[1;92m[+] [0mfastresume.bin successfully written with 1163320 bytes.[0m
[1;94m[*] [0mcon_exec_cnt: 208697[0m
[1;94m[*] [0mcon_exec_cnt_total: 3537237.288136[0m
[1;92m[+] [0mWe're done here. Have a nice day!
[0m
